[0.012s] Invoking command in '/home/ahmet/projects/Software_Intro_Task_2026-2027/build/intro_rover_description': CMAKE_PREFIX_PATH=${CMAKE_PREFIX_PATH}:/opt/ros/jazzy /usr/bin/cmake --build /home/ahmet/projects/Software_Intro_Task_2026-2027/build/intro_rover_description -- -j12 -l12
[0.057s] -- Found ament_cmake: 2.5.6 (/opt/ros/jazzy/share/ament_cmake/cmake)
[0.341s] -- Found urdf: 2.10.1 (/opt/ros/jazzy/share/urdf/cmake)
[0.368s] -- Found TinyXML2 via Config file: /usr/lib/x86_64-linux-gnu/cmake/tinyxml2
[0.374s] -- Found ament_lint_auto: 0.17.5 (/opt/ros/jazzy/share/ament_lint_auto/cmake)
[0.486s] -- Added test 'flake8' to check Python code syntax and style conventions
[0.486s] -- Configured 'flake8' exclude dirs and/or files: 
[0.487s] -- Added test 'lint_cmake' to check CMake code style
[0.487s] -- Added test 'pep257' to check Python code against some of the docstring style conventions in PEP 257
[0.491s] -- Added test 'xmllint' to check XML markup files
[0.493s] -- Configuring done (0.4s)
[0.501s] -- Generating done (0.0s)
[0.503s] -- Build files have been written to: /home/ahmet/projects/Software_Intro_Task_2026-2027/build/intro_rover_description
[0.530s] Invoked command in '/home/ahmet/projects/Software_Intro_Task_2026-2027/build/intro_rover_description' returned '0': CMAKE_PREFIX_PATH=${CMAKE_PREFIX_PATH}:/opt/ros/jazzy /usr/bin/cmake --build /home/ahmet/projects/Software_Intro_Task_2026-2027/build/intro_rover_description -- -j12 -l12
[0.539s] Invoking command in '/home/ahmet/projects/Software_Intro_Task_2026-2027/build/intro_rover_description': CMAKE_PREFIX_PATH=${CMAKE_PREFIX_PATH}:/opt/ros/jazzy /usr/bin/cmake --install /home/ahmet/projects/Software_Intro_Task_2026-2027/build/intro_rover_description
[0.546s] -- Install configuration: ""
[0.546s] -- Up-to-date: /home/ahmet/projects/Software_Intro_Task_2026-2027/install/intro_rover_description/share/intro_rover_description/urdf
[0.546s] -- Up-to-date: /home/ahmet/projects/Software_Intro_Task_2026-2027/install/intro_rover_description/share/intro_rover_description/urdf/intro_rover_description.urdf
[0.546s] -- Up-to-date: /home/ahmet/projects/Software_Intro_Task_2026-2027/install/intro_rover_description/share/intro_rover_description/launch
[0.546s] -- Installing: /home/ahmet/projects/Software_Intro_Task_2026-2027/install/intro_rover_description/share/intro_rover_description/launch/launch_code.md
[0.546s] -- Up-to-date: /home/ahmet/projects/Software_Intro_Task_2026-2027/install/intro_rover_description/share/intro_rover_description/launch/view_rover.launch.py
[0.546s] -- Installing: /home/ahmet/projects/Software_Intro_Task_2026-2027/install/intro_rover_description/share/intro_rover_description/meshes
[0.546s] -- Installing: /home/ahmet/projects/Software_Intro_Task_2026-2027/install/intro_rover_description/share/intro_rover_description/meshes/fl_wheel_link.STL
[0.551s] -- Installing: /home/ahmet/projects/Software_Intro_Task_2026-2027/install/intro_rover_description/share/intro_rover_description/meshes/elbow_roll_link.STL
[0.554s] -- Installing: /home/ahmet/projects/Software_Intro_Task_2026-2027/install/intro_rover_description/share/intro_rover_description/meshes/fr_swerve_yaw_link.STL
[0.556s] -- Installing: /home/ahmet/projects/Software_Intro_Task_2026-2027/install/intro_rover_description/share/intro_rover_description/meshes/bl_wheel_link.STL
[0.561s] -- Installing: /home/ahmet/projects/Software_Intro_Task_2026-2027/install/intro_rover_description/share/intro_rover_description/meshes/br_swerve_yaw_link.STL
[0.563s] -- Installing: /home/ahmet/projects/Software_Intro_Task_2026-2027/install/intro_rover_description/share/intro_rover_description/meshes/fl_swerve_yaw_link.STL
[0.564s] -- Installing: /home/ahmet/projects/Software_Intro_Task_2026-2027/install/intro_rover_description/share/intro_rover_description/meshes/base_link.STL
[0.580s] -- Installing: /home/ahmet/projects/Software_Intro_Task_2026-2027/install/intro_rover_description/share/intro_rover_description/meshes/elbow_pitch_link.STL
[0.585s] -- Installing: /home/ahmet/projects/Software_Intro_Task_2026-2027/install/intro_rover_description/share/intro_rover_description/meshes/wrist_pitch_link.STL
[0.587s] -- Installing: /home/ahmet/projects/Software_Intro_Task_2026-2027/install/intro_rover_description/share/intro_rover_description/meshes/fr_wheel_link.STL
[0.593s] -- Installing: /home/ahmet/projects/Software_Intro_Task_2026-2027/install/intro_rover_description/share/intro_rover_description/meshes/bl_swerve_yaw_link.STL
[0.594s] -- Installing: /home/ahmet/projects/Software_Intro_Task_2026-2027/install/intro_rover_description/share/intro_rover_description/meshes/shoulder_pitch_link.STL
[0.598s] -- Installing: /home/ahmet/projects/Software_Intro_Task_2026-2027/install/intro_rover_description/share/intro_rover_description/meshes/wrist_roll_link.STL
[0.603s] -- Installing: /home/ahmet/projects/Software_Intro_Task_2026-2027/install/intro_rover_description/share/intro_rover_description/meshes/br_wheel_link.STL
[0.608s] -- Installing: /home/ahmet/projects/Software_Intro_Task_2026-2027/install/intro_rover_description/share/intro_rover_description/meshes/shoulder_yaw_link.STL
[0.613s] -- Up-to-date: /home/ahmet/projects/Software_Intro_Task_2026-2027/install/intro_rover_description/share/ament_index/resource_index/package_run_dependencies/intro_rover_description
[0.613s] -- Installing: /home/ahmet/projects/Software_Intro_Task_2026-2027/install/intro_rover_description/share/ament_index/resource_index/parent_prefix_path/intro_rover_description
[0.613s] -- Up-to-date: /home/ahmet/projects/Software_Intro_Task_2026-2027/install/intro_rover_description/share/intro_rover_description/environment/ament_prefix_path.sh
[0.613s] -- Up-to-date: /home/ahmet/projects/Software_Intro_Task_2026-2027/install/intro_rover_description/share/intro_rover_description/environment/ament_prefix_path.dsv
[0.613s] -- Up-to-date: /home/ahmet/projects/Software_Intro_Task_2026-2027/install/intro_rover_description/share/intro_rover_description/environment/path.sh
[0.613s] -- Up-to-date: /home/ahmet/projects/Software_Intro_Task_2026-2027/install/intro_rover_description/share/intro_rover_description/environment/path.dsv
[0.613s] -- Up-to-date: /home/ahmet/projects/Software_Intro_Task_2026-2027/install/intro_rover_description/share/intro_rover_description/local_setup.bash
[0.614s] -- Up-to-date: /home/ahmet/projects/Software_Intro_Task_2026-2027/install/intro_rover_description/share/intro_rover_description/local_setup.sh
[0.614s] -- Up-to-date: /home/ahmet/projects/Software_Intro_Task_2026-2027/install/intro_rover_description/share/intro_rover_description/local_setup.zsh
[0.614s] -- Up-to-date: /home/ahmet/projects/Software_Intro_Task_2026-2027/install/intro_rover_description/share/intro_rover_description/local_setup.dsv
[0.614s] -- Up-to-date: /home/ahmet/projects/Software_Intro_Task_2026-2027/install/intro_rover_description/share/intro_rover_description/package.dsv
[0.614s] -- Up-to-date: /home/ahmet/projects/Software_Intro_Task_2026-2027/install/intro_rover_description/share/ament_index/resource_index/packages/intro_rover_description
[0.614s] -- Up-to-date: /home/ahmet/projects/Software_Intro_Task_2026-2027/install/intro_rover_description/share/intro_rover_description/cmake/intro_rover_descriptionConfig.cmake
[0.614s] -- Up-to-date: /home/ahmet/projects/Software_Intro_Task_2026-2027/install/intro_rover_description/share/intro_rover_description/cmake/intro_rover_descriptionConfig-version.cmake
[0.614s] -- Installing: /home/ahmet/projects/Software_Intro_Task_2026-2027/install/intro_rover_description/share/intro_rover_description/package.xml
[0.615s] Invoked command in '/home/ahmet/projects/Software_Intro_Task_2026-2027/build/intro_rover_description' returned '0': CMAKE_PREFIX_PATH=${CMAKE_PREFIX_PATH}:/opt/ros/jazzy /usr/bin/cmake --install /home/ahmet/projects/Software_Intro_Task_2026-2027/build/intro_rover_description
