[0.013s] Invoking command in '/home/ahmet/projects/Software_Intro_Task_2026-2027/build/intro_rover_description': CMAKE_PREFIX_PATH=${CMAKE_PREFIX_PATH}:/opt/ros/jazzy /usr/bin/cmake /home/ahmet/projects/Software_Intro_Task_2026-2027/src/intro_rover_description -DCMAKE_INSTALL_PREFIX=/home/ahmet/projects/Software_Intro_Task_2026-2027/install/intro_rover_description
[0.032s] -- Found ament_cmake: 2.5.6 (/opt/ros/jazzy/share/ament_cmake/cmake)
[0.268s] -- Override CMake install command with custom implementation using symlinks instead of copying resources
[0.284s] -- Found urdf: 2.10.1 (/opt/ros/jazzy/share/urdf/cmake)
[0.306s] -- Found TinyXML2 via Config file: /usr/lib/x86_64-linux-gnu/cmake/tinyxml2
[0.312s] -- Found ament_lint_auto: 0.17.5 (/opt/ros/jazzy/share/ament_lint_auto/cmake)
[0.421s] -- Added test 'flake8' to check Python code syntax and style conventions
[0.422s] -- Configured 'flake8' exclude dirs and/or files: 
[0.422s] -- Added test 'lint_cmake' to check CMake code style
[0.423s] -- Added test 'pep257' to check Python code against some of the docstring style conventions in PEP 257
[0.425s] -- Added test 'xmllint' to check XML markup files
[0.426s] -- Configuring done (0.4s)
[0.431s] -- Generating done (0.0s)
[0.432s] -- Build files have been written to: /home/ahmet/projects/Software_Intro_Task_2026-2027/build/intro_rover_description
[0.437s] Invoked command in '/home/ahmet/projects/Software_Intro_Task_2026-2027/build/intro_rover_description' returned '0': CMAKE_PREFIX_PATH=${CMAKE_PREFIX_PATH}:/opt/ros/jazzy /usr/bin/cmake /home/ahmet/projects/Software_Intro_Task_2026-2027/src/intro_rover_description -DCMAKE_INSTALL_PREFIX=/home/ahmet/projects/Software_Intro_Task_2026-2027/install/intro_rover_description
[0.438s] Invoking command in '/home/ahmet/projects/Software_Intro_Task_2026-2027/build/intro_rover_description': CMAKE_PREFIX_PATH=${CMAKE_PREFIX_PATH}:/opt/ros/jazzy /usr/bin/cmake --build /home/ahmet/projects/Software_Intro_Task_2026-2027/build/intro_rover_description -- -j12 -l12
[0.487s] Invoked command in '/home/ahmet/projects/Software_Intro_Task_2026-2027/build/intro_rover_description' returned '0': CMAKE_PREFIX_PATH=${CMAKE_PREFIX_PATH}:/opt/ros/jazzy /usr/bin/cmake --build /home/ahmet/projects/Software_Intro_Task_2026-2027/build/intro_rover_description -- -j12 -l12
[0.501s] Invoking command in '/home/ahmet/projects/Software_Intro_Task_2026-2027/build/intro_rover_description': CMAKE_PREFIX_PATH=${CMAKE_PREFIX_PATH}:/opt/ros/jazzy /usr/bin/cmake --install /home/ahmet/projects/Software_Intro_Task_2026-2027/build/intro_rover_description
[0.510s] -- Install configuration: ""
[0.510s] -- Execute custom install script
[0.511s] -- Up-to-date symlink: /home/ahmet/projects/Software_Intro_Task_2026-2027/install/intro_rover_description/lib/intro_rover_description/jointstate.py
[0.511s] -- Up-to-date symlink: /home/ahmet/projects/Software_Intro_Task_2026-2027/install/intro_rover_description/share/intro_rover_description/config/rover.rviz
[0.511s] -- Up-to-date symlink: /home/ahmet/projects/Software_Intro_Task_2026-2027/install/intro_rover_description/share/intro_rover_description/urdf/intro_rover_description.urdf
[0.512s] -- Up-to-date symlink: /home/ahmet/projects/Software_Intro_Task_2026-2027/install/intro_rover_description/share/intro_rover_description/launch/dance.launch.py
[0.512s] -- Up-to-date symlink: /home/ahmet/projects/Software_Intro_Task_2026-2027/install/intro_rover_description/share/intro_rover_description/launch/launch_code.md
[0.512s] -- Up-to-date symlink: /home/ahmet/projects/Software_Intro_Task_2026-2027/install/intro_rover_description/share/intro_rover_description/launch/view_rover.launch.py
[0.512s] -- Up-to-date symlink: /home/ahmet/projects/Software_Intro_Task_2026-2027/install/intro_rover_description/share/intro_rover_description/meshes/base_link.STL
[0.512s] -- Up-to-date symlink: /home/ahmet/projects/Software_Intro_Task_2026-2027/install/intro_rover_description/share/intro_rover_description/meshes/bl_swerve_yaw_link.STL
[0.513s] -- Up-to-date symlink: /home/ahmet/projects/Software_Intro_Task_2026-2027/install/intro_rover_description/share/intro_rover_description/meshes/bl_wheel_link.STL
[0.513s] -- Up-to-date symlink: /home/ahmet/projects/Software_Intro_Task_2026-2027/install/intro_rover_description/share/intro_rover_description/meshes/br_swerve_yaw_link.STL
[0.513s] -- Up-to-date symlink: /home/ahmet/projects/Software_Intro_Task_2026-2027/install/intro_rover_description/share/intro_rover_description/meshes/br_wheel_link.STL
[0.513s] -- Up-to-date symlink: /home/ahmet/projects/Software_Intro_Task_2026-2027/install/intro_rover_description/share/intro_rover_description/meshes/elbow_pitch_link.STL
[0.513s] -- Up-to-date symlink: /home/ahmet/projects/Software_Intro_Task_2026-2027/install/intro_rover_description/share/intro_rover_description/meshes/elbow_roll_link.STL
[0.513s] -- Up-to-date symlink: /home/ahmet/projects/Software_Intro_Task_2026-2027/install/intro_rover_description/share/intro_rover_description/meshes/fl_swerve_yaw_link.STL
[0.513s] -- Up-to-date symlink: /home/ahmet/projects/Software_Intro_Task_2026-2027/install/intro_rover_description/share/intro_rover_description/meshes/fl_wheel_link.STL
[0.513s] -- Up-to-date symlink: /home/ahmet/projects/Software_Intro_Task_2026-2027/install/intro_rover_description/share/intro_rover_description/meshes/fr_swerve_yaw_link.STL
[0.513s] -- Up-to-date symlink: /home/ahmet/projects/Software_Intro_Task_2026-2027/install/intro_rover_description/share/intro_rover_description/meshes/fr_wheel_link.STL
[0.514s] -- Up-to-date symlink: /home/ahmet/projects/Software_Intro_Task_2026-2027/install/intro_rover_description/share/intro_rover_description/meshes/shoulder_pitch_link.STL
[0.514s] -- Up-to-date symlink: /home/ahmet/projects/Software_Intro_Task_2026-2027/install/intro_rover_description/share/intro_rover_description/meshes/shoulder_yaw_link.STL
[0.514s] -- Up-to-date symlink: /home/ahmet/projects/Software_Intro_Task_2026-2027/install/intro_rover_description/share/intro_rover_description/meshes/wrist_pitch_link.STL
[0.514s] -- Up-to-date symlink: /home/ahmet/projects/Software_Intro_Task_2026-2027/install/intro_rover_description/share/intro_rover_description/meshes/wrist_roll_link.STL
[0.514s] -- Up-to-date symlink: /home/ahmet/projects/Software_Intro_Task_2026-2027/install/intro_rover_description/share/ament_index/resource_index/package_run_dependencies/intro_rover_description
[0.514s] -- Up-to-date symlink: /home/ahmet/projects/Software_Intro_Task_2026-2027/install/intro_rover_description/share/ament_index/resource_index/parent_prefix_path/intro_rover_description
[0.515s] -- Up-to-date symlink: /home/ahmet/projects/Software_Intro_Task_2026-2027/install/intro_rover_description/share/intro_rover_description/environment/ament_prefix_path.sh
[0.515s] -- Up-to-date symlink: /home/ahmet/projects/Software_Intro_Task_2026-2027/install/intro_rover_description/share/intro_rover_description/environment/ament_prefix_path.dsv
[0.515s] -- Up-to-date symlink: /home/ahmet/projects/Software_Intro_Task_2026-2027/install/intro_rover_description/share/intro_rover_description/environment/path.sh
[0.515s] -- Up-to-date symlink: /home/ahmet/projects/Software_Intro_Task_2026-2027/install/intro_rover_description/share/intro_rover_description/environment/path.dsv
[0.515s] -- Up-to-date symlink: /home/ahmet/projects/Software_Intro_Task_2026-2027/install/intro_rover_description/share/intro_rover_description/local_setup.bash
[0.515s] -- Up-to-date symlink: /home/ahmet/projects/Software_Intro_Task_2026-2027/install/intro_rover_description/share/intro_rover_description/local_setup.sh
[0.515s] -- Up-to-date symlink: /home/ahmet/projects/Software_Intro_Task_2026-2027/install/intro_rover_description/share/intro_rover_description/local_setup.zsh
[0.515s] -- Up-to-date symlink: /home/ahmet/projects/Software_Intro_Task_2026-2027/install/intro_rover_description/share/intro_rover_description/local_setup.dsv
[0.516s] -- Symlinking: /home/ahmet/projects/Software_Intro_Task_2026-2027/install/intro_rover_description/share/intro_rover_description/package.dsv
[0.527s] -- Up-to-date symlink: /home/ahmet/projects/Software_Intro_Task_2026-2027/install/intro_rover_description/share/ament_index/resource_index/packages/intro_rover_description
[0.527s] -- Up-to-date symlink: /home/ahmet/projects/Software_Intro_Task_2026-2027/install/intro_rover_description/share/intro_rover_description/cmake/intro_rover_descriptionConfig.cmake
[0.527s] -- Up-to-date symlink: /home/ahmet/projects/Software_Intro_Task_2026-2027/install/intro_rover_description/share/intro_rover_description/cmake/intro_rover_descriptionConfig-version.cmake
[0.527s] -- Up-to-date symlink: /home/ahmet/projects/Software_Intro_Task_2026-2027/install/intro_rover_description/share/intro_rover_description/package.xml
[0.529s] Invoked command in '/home/ahmet/projects/Software_Intro_Task_2026-2027/build/intro_rover_description' returned '0': CMAKE_PREFIX_PATH=${CMAKE_PREFIX_PATH}:/opt/ros/jazzy /usr/bin/cmake --install /home/ahmet/projects/Software_Intro_Task_2026-2027/build/intro_rover_description
