[0.016s] Invoking command in '/home/ahmet/projects/Software_Intro_Task_2026-2027/build/intro_rover_description': CMAKE_PREFIX_PATH=${CMAKE_PREFIX_PATH}:/opt/ros/jazzy /usr/bin/cmake /home/ahmet/projects/Software_Intro_Task_2026-2027/src/intro_rover_description -DCMAKE_INSTALL_PREFIX=/home/ahmet/projects/Software_Intro_Task_2026-2027/install/intro_rover_description
[0.111s] -- The C compiler identification is GNU 13.3.0
[0.209s] -- The CXX compiler identification is GNU 13.3.0
[0.242s] -- Detecting C compiler ABI info
[0.395s] -- Detecting C compiler ABI info - done
[0.408s] -- Check for working C compiler: /usr/bin/cc - skipped
[0.408s] -- Detecting C compile features
[0.409s] -- Detecting C compile features - done
[0.427s] -- Detecting CXX compiler ABI info
[0.605s] -- Detecting CXX compiler ABI info - done
[0.618s] -- Check for working CXX compiler: /usr/bin/c++ - skipped
[0.618s] -- Detecting CXX compile features
[0.619s] -- Detecting CXX compile features - done
[0.624s] -- Found ament_cmake: 2.5.6 (/opt/ros/jazzy/share/ament_cmake/cmake)
[0.889s] -- Found Python3: /home/linuxbrew/.linuxbrew/bin/python3 (found version "3.14.3") found components: Interpreter 
[1.073s] -- Found urdf: 2.10.1 (/opt/ros/jazzy/share/urdf/cmake)
[1.129s] -- Found TinyXML2 via Config file: /usr/lib/x86_64-linux-gnu/cmake/tinyxml2
[1.142s] -- Found ament_lint_auto: 0.17.5 (/opt/ros/jazzy/share/ament_lint_auto/cmake)
[1.335s] -- Added test 'flake8' to check Python code syntax and style conventions
[1.336s] -- Configured 'flake8' exclude dirs and/or files: 
[1.337s] -- Added test 'lint_cmake' to check CMake code style
[1.338s] -- Added test 'pep257' to check Python code against some of the docstring style conventions in PEP 257
[1.341s] -- Added test 'xmllint' to check XML markup files
[1.344s] -- Configuring done (1.3s)
[1.350s] -- Generating done (0.0s)
[1.352s] -- Build files have been written to: /home/ahmet/projects/Software_Intro_Task_2026-2027/build/intro_rover_description
[1.365s] Invoked command in '/home/ahmet/projects/Software_Intro_Task_2026-2027/build/intro_rover_description' returned '0': CMAKE_PREFIX_PATH=${CMAKE_PREFIX_PATH}:/opt/ros/jazzy /usr/bin/cmake /home/ahmet/projects/Software_Intro_Task_2026-2027/src/intro_rover_description -DCMAKE_INSTALL_PREFIX=/home/ahmet/projects/Software_Intro_Task_2026-2027/install/intro_rover_description
[1.366s] Invoking command in '/home/ahmet/projects/Software_Intro_Task_2026-2027/build/intro_rover_description': CMAKE_PREFIX_PATH=${CMAKE_PREFIX_PATH}:/opt/ros/jazzy /usr/bin/cmake --build /home/ahmet/projects/Software_Intro_Task_2026-2027/build/intro_rover_description -- -j12 -l12
[1.424s] Invoked command in '/home/ahmet/projects/Software_Intro_Task_2026-2027/build/intro_rover_description' returned '0': CMAKE_PREFIX_PATH=${CMAKE_PREFIX_PATH}:/opt/ros/jazzy /usr/bin/cmake --build /home/ahmet/projects/Software_Intro_Task_2026-2027/build/intro_rover_description -- -j12 -l12
[1.436s] Invoking command in '/home/ahmet/projects/Software_Intro_Task_2026-2027/build/intro_rover_description': CMAKE_PREFIX_PATH=${CMAKE_PREFIX_PATH}:/opt/ros/jazzy /usr/bin/cmake --install /home/ahmet/projects/Software_Intro_Task_2026-2027/build/intro_rover_description
[1.444s] -- Install configuration: ""
[1.444s] -- Installing: /home/ahmet/projects/Software_Intro_Task_2026-2027/install/intro_rover_description/share/intro_rover_description/urdf
[1.444s] -- Installing: /home/ahmet/projects/Software_Intro_Task_2026-2027/install/intro_rover_description/share/intro_rover_description/urdf/intro_rover_description.urdf
[1.444s] -- Installing: /home/ahmet/projects/Software_Intro_Task_2026-2027/install/intro_rover_description/share/intro_rover_description/launch
[1.444s] -- Installing: /home/ahmet/projects/Software_Intro_Task_2026-2027/install/intro_rover_description/share/intro_rover_description/launch/view_rover.launch.py
[1.444s] -- Installing: /home/ahmet/projects/Software_Intro_Task_2026-2027/install/intro_rover_description/share/ament_index/resource_index/package_run_dependencies/intro_rover_description
[1.444s] -- Installing: /home/ahmet/projects/Software_Intro_Task_2026-2027/install/intro_rover_description/share/ament_index/resource_index/parent_prefix_path/intro_rover_description
[1.444s] -- Installing: /home/ahmet/projects/Software_Intro_Task_2026-2027/install/intro_rover_description/share/intro_rover_description/environment/ament_prefix_path.sh
[1.444s] -- Installing: /home/ahmet/projects/Software_Intro_Task_2026-2027/install/intro_rover_description/share/intro_rover_description/environment/ament_prefix_path.dsv
[1.445s] -- Installing: /home/ahmet/projects/Software_Intro_Task_2026-2027/install/intro_rover_description/share/intro_rover_description/environment/path.sh
[1.445s] -- Installing: /home/ahmet/projects/Software_Intro_Task_2026-2027/install/intro_rover_description/share/intro_rover_description/environment/path.dsv
[1.445s] -- Installing: /home/ahmet/projects/Software_Intro_Task_2026-2027/install/intro_rover_description/share/intro_rover_description/local_setup.bash
[1.445s] -- Installing: /home/ahmet/projects/Software_Intro_Task_2026-2027/install/intro_rover_description/share/intro_rover_description/local_setup.sh
[1.445s] -- Installing: /home/ahmet/projects/Software_Intro_Task_2026-2027/install/intro_rover_description/share/intro_rover_description/local_setup.zsh
[1.445s] -- Installing: /home/ahmet/projects/Software_Intro_Task_2026-2027/install/intro_rover_description/share/intro_rover_description/local_setup.dsv
[1.446s] -- Installing: /home/ahmet/projects/Software_Intro_Task_2026-2027/install/intro_rover_description/share/intro_rover_description/package.dsv
[1.446s] -- Installing: /home/ahmet/projects/Software_Intro_Task_2026-2027/install/intro_rover_description/share/ament_index/resource_index/packages/intro_rover_description
[1.446s] -- Installing: /home/ahmet/projects/Software_Intro_Task_2026-2027/install/intro_rover_description/share/intro_rover_description/cmake/intro_rover_descriptionConfig.cmake
[1.446s] -- Installing: /home/ahmet/projects/Software_Intro_Task_2026-2027/install/intro_rover_description/share/intro_rover_description/cmake/intro_rover_descriptionConfig-version.cmake
[1.446s] -- Installing: /home/ahmet/projects/Software_Intro_Task_2026-2027/install/intro_rover_description/share/intro_rover_description/package.xml
[1.448s] Invoked command in '/home/ahmet/projects/Software_Intro_Task_2026-2027/build/intro_rover_description' returned '0': CMAKE_PREFIX_PATH=${CMAKE_PREFIX_PATH}:/opt/ros/jazzy /usr/bin/cmake --install /home/ahmet/projects/Software_Intro_Task_2026-2027/build/intro_rover_description
